// Jest Snapshot v1, https://goo.gl/fbAQLP

exports[`test_one 1`] = `
<td
  aria-sort={null}
  className="MuiTableCell-root-1"
>
  Available
</td>
`;
