// Jest Snapshot v1, https://goo.gl/fbAQLP

exports[`test_one 1`] = `
<tr
  className="MuiTableRow-root-1"
>
  <td
    aria-sort={null}
    className="MuiTableCell-root-6"
  />
  <td
    aria-sort={null}
    className="MuiTableCell-root-6"
  />
  <td
    aria-sort={null}
    className="MuiTableCell-root-6"
  />
</tr>
`;
